[0.008s][warning][gc] -Xloggc is deprecated. Will use -Xlog:gc:logs/gc.log instead.
[0.010s][warning][gc] -XX:+PrintGCDetails is deprecated. Will use -Xlog:gc* instead.
[0.022s][info   ][gc,heap] Heap region size: 1M
[0.027s][info   ][gc     ] Using G1
[0.028s][info   ][gc,heap,coops] Heap address: 0x0000000083400000, size: 1996 MB, Compressed Oops mode: 32-bit
[1.169s][info   ][gc,start     ] GC(0) Pause Young (Normal) (G1 Evacuation Pause)
[1.169s][info   ][gc,task      ] GC(0) Using 3 workers of 4 for evacuation
[1.201s][info   ][gc,phases    ] GC(0)   Pre Evacuate Collection Set: 0.0ms
[1.201s][info   ][gc,phases    ] GC(0)   Evacuate Collection Set: 29.7ms
[1.202s][info   ][gc,phases    ] GC(0)   Post Evacuate Collection Set: 1.3ms
[1.202s][info   ][gc,phases    ] GC(0)   Other: 1.2ms
[1.202s][info   ][gc,heap      ] GC(0) Eden regions: 14->0(73)
[1.203s][info   ][gc,heap      ] GC(0) Survivor regions: 0->2(2)
[1.203s][info   ][gc,heap      ] GC(0) Old regions: 2->2
[1.203s][info   ][gc,heap      ] GC(0) Humongous regions: 0->0
[1.203s][info   ][gc,metaspace ] GC(0) Metaspace: 3573K->3573K(1056768K)
[1.203s][info   ][gc           ] GC(0) Pause Young (Normal) (G1 Evacuation Pause) 14M->2M(128M) 34.827ms
[1.204s][info   ][gc,cpu       ] GC(0) User=0.09s Sys=0.00s Real=0.04s
[2.728s][info   ][gc,start     ] GC(1) Pause Young (Normal) (G1 Evacuation Pause)
[2.728s][info   ][gc,task      ] GC(1) Using 3 workers of 4 for evacuation
[2.757s][info   ][gc,phases    ] GC(1)   Pre Evacuate Collection Set: 0.0ms
[2.758s][info   ][gc,phases    ] GC(1)   Evacuate Collection Set: 27.4ms
[2.758s][info   ][gc,phases    ] GC(1)   Post Evacuate Collection Set: 1.3ms
[2.758s][info   ][gc,phases    ] GC(1)   Other: 0.7ms
[2.759s][info   ][gc,heap      ] GC(1) Eden regions: 73->0(71)
[2.759s][info   ][gc,heap      ] GC(1) Survivor regions: 2->4(10)
[2.759s][info   ][gc,heap      ] GC(1) Old regions: 2->2
[2.759s][info   ][gc,heap      ] GC(1) Humongous regions: 0->0
[2.760s][info   ][gc,metaspace ] GC(1) Metaspace: 4969K->4969K(1056768K)
[2.760s][info   ][gc           ] GC(1) Pause Young (Normal) (G1 Evacuation Pause) 75M->4M(128M) 31.775ms
[2.760s][info   ][gc,cpu       ] GC(1) User=0.10s Sys=0.02s Real=0.03s
[4.150s][info   ][gc,start     ] GC(2) Pause Young (Normal) (G1 Evacuation Pause)
[4.151s][info   ][gc,task      ] GC(2) Using 4 workers of 4 for evacuation
[4.175s][info   ][gc,phases    ] GC(2)   Pre Evacuate Collection Set: 0.0ms
[4.176s][info   ][gc,phases    ] GC(2)   Evacuate Collection Set: 22.9ms
[4.176s][info   ][gc,phases    ] GC(2)   Post Evacuate Collection Set: 1.3ms
[4.176s][info   ][gc,phases    ] GC(2)   Other: 0.9ms
[4.176s][info   ][gc,heap      ] GC(2) Eden regions: 71->0(70)
[4.177s][info   ][gc,heap      ] GC(2) Survivor regions: 4->5(10)
[4.177s][info   ][gc,heap      ] GC(2) Old regions: 2->2
[4.177s][info   ][gc,heap      ] GC(2) Humongous regions: 0->0
[4.177s][info   ][gc,metaspace ] GC(2) Metaspace: 10155K->10155K(1058816K)
[4.178s][info   ][gc           ] GC(2) Pause Young (Normal) (G1 Evacuation Pause) 75M->5M(128M) 27.285ms
[4.178s][info   ][gc,cpu       ] GC(2) User=0.09s Sys=0.00s Real=0.03s
[4.178s][info   ][gc,stringdedup] Concurrent String Deduplication (4.178s)
[4.182s][info   ][gc,stringdedup] Concurrent String Deduplication 216.6K->130.9K(85.7K) avg 17.7% (4.178s, 4.182s) 3.776ms
[5.033s][info   ][gc,start      ] GC(3) Pause Young (Normal) (G1 Evacuation Pause)
[5.033s][info   ][gc,task       ] GC(3) Using 4 workers of 4 for evacuation
[5.070s][info   ][gc,phases     ] GC(3)   Pre Evacuate Collection Set: 0.0ms
[5.071s][info   ][gc,phases     ] GC(3)   Evacuate Collection Set: 35.1ms
[5.071s][info   ][gc,phases     ] GC(3)   Post Evacuate Collection Set: 1.8ms
[5.071s][info   ][gc,phases     ] GC(3)   Other: 0.8ms
[5.071s][info   ][gc,heap       ] GC(3) Eden regions: 70->0(69)
[5.072s][info   ][gc,heap       ] GC(3) Survivor regions: 5->6(10)
[5.072s][info   ][gc,heap       ] GC(3) Old regions: 2->2
[5.072s][info   ][gc,heap       ] GC(3) Humongous regions: 0->0
[5.072s][info   ][gc,metaspace  ] GC(3) Metaspace: 12128K->12128K(1060864K)
[5.073s][info   ][gc            ] GC(3) Pause Young (Normal) (G1 Evacuation Pause) 75M->6M(128M) 39.931ms
[5.073s][info   ][gc,cpu        ] GC(3) User=0.14s Sys=0.00s Real=0.04s
[5.073s][info   ][gc,stringdedup] Concurrent String Deduplication (5.073s)
[5.076s][info   ][gc,stringdedup] Concurrent String Deduplication 74.9K->16.7K(58.2K) avg 25.8% (5.073s, 5.076s) 2.375ms
[5.838s][info   ][gc,start      ] GC(4) Pause Young (Normal) (G1 Evacuation Pause)
[5.838s][info   ][gc,task       ] GC(4) Using 4 workers of 4 for evacuation
[5.871s][info   ][gc,phases     ] GC(4)   Pre Evacuate Collection Set: 0.0ms
[5.872s][info   ][gc,phases     ] GC(4)   Evacuate Collection Set: 30.2ms
[5.872s][info   ][gc,phases     ] GC(4)   Post Evacuate Collection Set: 2.7ms
[5.872s][info   ][gc,phases     ] GC(4)   Other: 0.7ms
[5.873s][info   ][gc,heap       ] GC(4) Eden regions: 69->0(99)
[5.873s][info   ][gc,heap       ] GC(4) Survivor regions: 6->4(10)
[5.873s][info   ][gc,heap       ] GC(4) Old regions: 2->4
[5.873s][info   ][gc,heap       ] GC(4) Humongous regions: 0->0
[5.873s][info   ][gc,metaspace  ] GC(4) Metaspace: 16087K->16087K(1064960K)
[5.874s][info   ][gc            ] GC(4) Pause Young (Normal) (G1 Evacuation Pause) 75M->5M(172M) 35.851ms
[5.874s][info   ][gc,cpu        ] GC(4) User=0.11s Sys=0.00s Real=0.04s
[5.875s][info   ][gc,stringdedup] Concurrent String Deduplication (5.875s)
[5.879s][info   ][gc,stringdedup] Concurrent String Deduplication 162.4K->70.3K(92.1K) avg 32.8% (5.875s, 5.879s) 3.986ms
[7.275s][info   ][gc,start      ] GC(5) Pause Young (Concurrent Start) (Metadata GC Threshold)
[7.276s][info   ][gc,task       ] GC(5) Using 4 workers of 4 for evacuation
[7.302s][info   ][gc,phases     ] GC(5)   Pre Evacuate Collection Set: 0.1ms
[7.303s][info   ][gc,phases     ] GC(5)   Evacuate Collection Set: 24.3ms
[7.303s][info   ][gc,phases     ] GC(5)   Post Evacuate Collection Set: 1.8ms
[7.303s][info   ][gc,phases     ] GC(5)   Other: 0.9ms
[7.304s][info   ][gc,heap       ] GC(5) Eden regions: 72->0(97)
[7.304s][info   ][gc,heap       ] GC(5) Survivor regions: 4->6(13)
[7.304s][info   ][gc,heap       ] GC(5) Old regions: 4->4
[7.305s][info   ][gc,heap       ] GC(5) Humongous regions: 0->0
[7.305s][info   ][gc,metaspace  ] GC(5) Metaspace: 20483K->20483K(1067008K)
[7.305s][info   ][gc            ] GC(5) Pause Young (Concurrent Start) (Metadata GC Threshold) 77M->7M(172M) 29.692ms
[7.305s][info   ][gc,cpu        ] GC(5) User=0.07s Sys=0.00s Real=0.03s
[7.306s][info   ][gc            ] GC(6) Concurrent Cycle
[7.308s][info   ][gc,marking    ] GC(6) Concurrent Clear Claimed Marks
[7.308s][info   ][gc,stringdedup] Concurrent String Deduplication (7.308s)
[7.309s][info   ][gc,marking    ] GC(6) Concurrent Clear Claimed Marks 0.423ms
[7.310s][info   ][gc,marking    ] GC(6) Concurrent Scan Root Regions
[7.311s][info   ][gc,stringdedup] Concurrent String Deduplication 111.7K->19.9K(91.8K) avg 39.4% (7.308s, 7.311s) 3.596ms
[7.329s][info   ][gc,marking    ] GC(6) Concurrent Scan Root Regions 18.822ms
[7.329s][info   ][gc,marking    ] GC(6) Concurrent Mark (7.329s)
[7.329s][info   ][gc,marking    ] GC(6) Concurrent Mark From Roots
[7.330s][info   ][gc,task       ] GC(6) Using 1 workers of 1 for marking
[7.342s][info   ][gc,marking    ] GC(6) Concurrent Mark From Roots 12.270ms
[7.342s][info   ][gc,marking    ] GC(6) Concurrent Preclean
[7.342s][info   ][gc,marking    ] GC(6) Concurrent Preclean 0.327ms
[7.342s][info   ][gc,marking    ] GC(6) Concurrent Mark (7.329s, 7.342s) 13.416ms
[7.343s][info   ][gc,start      ] GC(6) Pause Remark
[7.350s][info   ][gc,stringtable] GC(6) Cleaned string and symbol table, strings: 8064 processed, 4 removed, symbols: 57627 processed, 357 removed
[7.351s][info   ][gc            ] GC(6) Pause Remark 8M->8M(172M) 7.844ms
[7.351s][info   ][gc,cpu        ] GC(6) User=0.03s Sys=0.00s Real=0.00s
[7.351s][info   ][gc,marking    ] GC(6) Concurrent Rebuild Remembered Sets
[7.359s][info   ][gc,marking    ] GC(6) Concurrent Rebuild Remembered Sets 7.698ms
[7.360s][info   ][gc,start      ] GC(6) Pause Cleanup
[7.360s][info   ][gc            ] GC(6) Pause Cleanup 9M->9M(172M) 0.584ms
[7.360s][info   ][gc,cpu        ] GC(6) User=0.00s Sys=0.00s Real=0.00s
[7.361s][info   ][gc,marking    ] GC(6) Concurrent Cleanup for Next Mark
[7.364s][info   ][gc,marking    ] GC(6) Concurrent Cleanup for Next Mark 3.364ms
[7.364s][info   ][gc            ] GC(6) Concurrent Cycle 58.497ms
[10.206s][info   ][gc,start      ] GC(7) Pause Young (Normal) (G1 Evacuation Pause)
[10.206s][info   ][gc,task       ] GC(7) Using 4 workers of 4 for evacuation
[10.248s][info   ][gc,phases     ] GC(7)   Pre Evacuate Collection Set: 0.0ms
[10.249s][info   ][gc,phases     ] GC(7)   Evacuate Collection Set: 39.0ms
[10.249s][info   ][gc,phases     ] GC(7)   Post Evacuate Collection Set: 3.1ms
[10.249s][info   ][gc,phases     ] GC(7)   Other: 0.7ms
[10.250s][info   ][gc,heap       ] GC(7) Eden regions: 97->0(94)
[10.250s][info   ][gc,heap       ] GC(7) Survivor regions: 6->9(13)
[10.250s][info   ][gc,heap       ] GC(7) Old regions: 4->4
[10.250s][info   ][gc,heap       ] GC(7) Humongous regions: 0->0
[10.250s][info   ][gc,metaspace  ] GC(7) Metaspace: 27724K->27724K(1075200K)
[10.251s][info   ][gc            ] GC(7) Pause Young (Normal) (G1 Evacuation Pause) 104M->10M(172M) 44.960ms
[10.251s][info   ][gc,cpu        ] GC(7) User=0.16s Sys=0.01s Real=0.04s
[10.251s][info   ][gc,stringdedup] Concurrent String Deduplication (10.251s)
[10.255s][info   ][gc,stringdedup] Concurrent String Deduplication 58.5K->11.9K(46.7K) avg 42.1% (10.251s, 10.255s) 3.652ms
[12.824s][info   ][gc,start      ] GC(8) Pause Young (Concurrent Start) (Metadata GC Threshold)
[12.824s][info   ][gc,task       ] GC(8) Using 4 workers of 4 for evacuation
[12.884s][info   ][gc,phases     ] GC(8)   Pre Evacuate Collection Set: 0.1ms
[12.884s][info   ][gc,phases     ] GC(8)   Evacuate Collection Set: 56.9ms
[12.885s][info   ][gc,phases     ] GC(8)   Post Evacuate Collection Set: 2.3ms
[12.885s][info   ][gc,phases     ] GC(8)   Other: 0.9ms
[12.885s][info   ][gc,heap       ] GC(8) Eden regions: 85->0(94)
[12.885s][info   ][gc,heap       ] GC(8) Survivor regions: 9->9(13)
[12.886s][info   ][gc,heap       ] GC(8) Old regions: 4->6
[12.886s][info   ][gc,heap       ] GC(8) Humongous regions: 0->0
[12.886s][info   ][gc,metaspace  ] GC(8) Metaspace: 34456K->34456K(1081344K)
[12.886s][info   ][gc            ] GC(8) Pause Young (Concurrent Start) (Metadata GC Threshold) 95M->12M(172M) 62.445ms
[12.887s][info   ][gc,cpu        ] GC(8) User=0.13s Sys=0.01s Real=0.06s
[12.887s][info   ][gc            ] GC(9) Concurrent Cycle
[12.887s][info   ][gc,stringdedup] Concurrent String Deduplication (12.887s)
[12.890s][info   ][gc,marking    ] GC(9) Concurrent Clear Claimed Marks
[12.891s][info   ][gc,marking    ] GC(9) Concurrent Clear Claimed Marks 1.047ms
[12.893s][info   ][gc,marking    ] GC(9) Concurrent Scan Root Regions
[12.899s][info   ][gc,stringdedup] Concurrent String Deduplication 168.6K->62.6K(106.0K) avg 45.4% (12.887s, 12.899s) 11.537ms
[12.959s][info   ][gc,marking    ] GC(9) Concurrent Scan Root Regions 65.878ms
[12.959s][info   ][gc,marking    ] GC(9) Concurrent Mark (12.959s)
[12.961s][info   ][gc,marking    ] GC(9) Concurrent Mark From Roots
[12.962s][info   ][gc,task       ] GC(9) Using 1 workers of 1 for marking
[12.992s][info   ][gc,marking    ] GC(9) Concurrent Mark From Roots 31.289ms
[12.993s][info   ][gc,marking    ] GC(9) Concurrent Preclean
[12.993s][info   ][gc,marking    ] GC(9) Concurrent Preclean 0.371ms
[12.994s][info   ][gc,marking    ] GC(9) Concurrent Mark (12.959s, 12.994s) 34.707ms
[12.995s][info   ][gc,start      ] GC(9) Pause Remark
[13.004s][info   ][gc,stringtable] GC(9) Cleaned string and symbol table, strings: 16743 processed, 0 removed, symbols: 94185 processed, 233 removed
[13.005s][info   ][gc            ] GC(9) Pause Remark 15M->15M(172M) 10.051ms
[13.006s][info   ][gc,cpu        ] GC(9) User=0.03s Sys=0.01s Real=0.01s
[13.006s][info   ][gc,marking    ] GC(9) Concurrent Rebuild Remembered Sets
[13.026s][info   ][gc,marking    ] GC(9) Concurrent Rebuild Remembered Sets 20.245ms
[13.027s][info   ][gc,start      ] GC(9) Pause Cleanup
[13.028s][info   ][gc            ] GC(9) Pause Cleanup 15M->15M(172M) 0.563ms
[13.028s][info   ][gc,cpu        ] GC(9) User=0.00s Sys=0.00s Real=0.00s
[13.028s][info   ][gc,marking    ] GC(9) Concurrent Cleanup for Next Mark
[13.031s][info   ][gc,marking    ] GC(9) Concurrent Cleanup for Next Mark 2.522ms
[13.031s][info   ][gc            ] GC(9) Concurrent Cycle 144.186ms
[196.506s][info   ][gc,heap,exit  ] Heap
[196.507s][info   ][gc,heap,exit  ]  garbage-first heap   total 176128K, used 22515K [0x0000000083400000, 0x0000000100000000)
[196.507s][info   ][gc,heap,exit  ]   region size 1024K, 19 young (19456K), 9 survivors (9216K)
[196.507s][info   ][gc,heap,exit  ]  Metaspace       used 35540K, capacity 36787K, committed 37040K, reserved 1081344K
[196.508s][info   ][gc,heap,exit  ]   class space    used 4543K, capacity 5065K, committed 5120K, reserved 1048576K
